#-----------------------------------------------------------
# Vivado v2016.4 (64-bit)
# SW Build 1756540 on Mon Jan 23 19:11:23 MST 2017
# IP Build 1755317 on Mon Jan 23 20:30:07 MST 2017
# Start of session at: Thu May 04 20:12:39 2017
# Process ID: 176
# Current directory: C:/Users/AErika/Documents/2nd/2nd_sem/CA/labs/fsm
# Command line: vivado.exe -gui_launcher_event rodinguilauncherevent6776 C:\Users\AErika\Documents\2nd\2nd_sem\CA\labs\fsm\fsm.xpr
# Log file: C:/Users/AErika/Documents/2nd/2nd_sem/CA/labs/fsm/vivado.log
# Journal file: C:/Users/AErika/Documents/2nd/2nd_sem/CA/labs/fsm\vivado.jou
#-----------------------------------------------------------
start_gui
open_project C:/Users/AErika/Documents/2nd/2nd_sem/CA/labs/fsm/fsm.xpr
import_files -norecurse C:/Users/AErika/Documents/2nd/2nd_sem/CA/labs/lab1/test_env/test_env.srcs/sources_1/new/mpg.vhd
launch_runs synth_1 -jobs 2
wait_on_run synth_1
launch_runs impl_1 -jobs 2
wait_on_run impl_1
launch_runs impl_1 -to_step write_bitstream -jobs 2
wait_on_run impl_1
