#-----------------------------------------------------------
# Vivado v2016.4 (64-bit)
# SW Build 1756540 on Mon Jan 23 19:11:23 MST 2017
# IP Build 1755317 on Mon Jan 23 20:30:07 MST 2017
# Start of session at: Thu Mar 23 10:37:45 2017
# Process ID: 6980
# Current directory: C:/Users/AErika/Documents/2nd/2nd_sem/CA/labs/lab3/rom
# Command line: vivado.exe -gui_launcher_event rodinguilauncherevent5572 C:\Users\AErika\Documents\2nd\2nd_sem\CA\labs\lab3\rom\rom.xpr
# Log file: C:/Users/AErika/Documents/2nd/2nd_sem/CA/labs/lab3/rom/vivado.log
# Journal file: C:/Users/AErika/Documents/2nd/2nd_sem/CA/labs/lab3/rom\vivado.jou
#-----------------------------------------------------------
start_gui
open_project C:/Users/AErika/Documents/2nd/2nd_sem/CA/labs/lab3/rom/rom.xpr
reset_run synth_1
launch_runs synth_1 -jobs 2
wait_on_run synth_1
reset_run synth_1
launch_runs synth_1 -jobs 2
wait_on_run synth_1
launch_runs impl_1 -jobs 2
wait_on_run impl_1
open_run impl_1
launch_runs impl_1 -to_step write_bitstream -jobs 2
wait_on_run impl_1
