#-----------------------------------------------------------
# Vivado v2016.4 (64-bit)
# SW Build 1756540 on Mon Jan 23 19:11:23 MST 2017
# IP Build 1755317 on Mon Jan 23 20:30:07 MST 2017
# Start of session at: Fri Mar 17 05:53:54 2017
# Process ID: 7016
# Current directory: C:/Users/AErika/Documents/2nd/2nd_sem/CA/labs/lab2/comb_shift
# Command line: vivado.exe -gui_launcher_event rodinguilauncherevent6388 C:\Users\AErika\Documents\2nd\2nd_sem\CA\labs\lab2\comb_shift\comb_shift.xpr
# Log file: C:/Users/AErika/Documents/2nd/2nd_sem/CA/labs/lab2/comb_shift/vivado.log
# Journal file: C:/Users/AErika/Documents/2nd/2nd_sem/CA/labs/lab2/comb_shift\vivado.jou
#-----------------------------------------------------------
start_gui
open_project C:/Users/AErika/Documents/2nd/2nd_sem/CA/labs/lab2/comb_shift/comb_shift.xpr
open_hw
disconnect_hw_server localhost:3121
connect_hw_server -url localhost:3121
current_hw_target [get_hw_targets */xilinx_tcf/Digilent/210183624976A]
set_property PARAM.FREQUENCY 15000000 [get_hw_targets */xilinx_tcf/Digilent/210183624976A]
open_hw_target
set_property PROGRAM.FILE {C:/Users/AErika/Documents/2nd/2nd_sem/CA/labs/lab2/comb_shift/comb_shift.runs/impl_1/shift_top.bit} [lindex [get_hw_devices xc7a35t_0] 0]
current_hw_device [lindex [get_hw_devices xc7a35t_0] 0]
refresh_hw_device -update_hw_probes false [lindex [get_hw_devices xc7a35t_0] 0]
set_property PROBES.FILE {} [lindex [get_hw_devices xc7a35t_0] 0]
set_property PROGRAM.FILE {C:/Users/AErika/Documents/2nd/2nd_sem/CA/labs/lab2/comb_shift/comb_shift.runs/impl_1/shift_top.bit} [lindex [get_hw_devices xc7a35t_0] 0]
program_hw_devices [lindex [get_hw_devices xc7a35t_0] 0]
refresh_hw_device [lindex [get_hw_devices xc7a35t_0] 0]
reset_run impl_1 -prev_step 
launch_runs impl_1 -to_step write_bitstream -jobs 2
wait_on_run impl_1
open_run impl_1
set_property PROBES.FILE {} [lindex [get_hw_devices xc7a35t_0] 0]
set_property PROGRAM.FILE {C:/Users/AErika/Documents/2nd/2nd_sem/CA/labs/lab2/comb_shift/comb_shift.runs/impl_1/shift_top.bit} [lindex [get_hw_devices xc7a35t_0] 0]
program_hw_devices [lindex [get_hw_devices xc7a35t_0] 0]
set_property PROBES.FILE {} [lindex [get_hw_devices xc7a35t_0] 0]
set_property PROGRAM.FILE {C:/Users/AErika/Documents/2nd/2nd_sem/CA/labs/lab2/comb_shift/comb_shift.runs/impl_1/shift_top.bit} [lindex [get_hw_devices xc7a35t_0] 0]
program_hw_devices [lindex [get_hw_devices xc7a35t_0] 0]
